Archive member included to satisfy reference by file (symbol)

/opt/st/stm32cubeide_1.19.0/plugins/com.st.stm32cube.ide.mcu.externaltools.gnu-tools-for-stm32.13.3.rel1.linux64_1.0.0.202410170706/tools/bin/../lib/gcc/arm-none-eabi/13.3.1/../../../../arm-none-eabi/lib/thumb/v6-m/nofp/libc_nano.a(libc_a-exit.o)
                              /opt/st/stm32cubeide_1.19.0/plugins/com.st.stm32cube.ide.mcu.externaltools.gnu-tools-for-stm32.13.3.rel1.linux64_1.0.0.202410170706/tools/bin/../lib/gcc/arm-none-eabi/13.3.1/../../../../arm-none-eabi/lib/thumb/v6-m/nofp/crt0.o (exit)
/opt/st/stm32cubeide_1.19.0/plugins/com.st.stm32cube.ide.mcu.externaltools.gnu-tools-for-stm32.13.3.rel1.linux64_1.0.0.202410170706/tools/bin/../lib/gcc/arm-none-eabi/13.3.1/../../../../arm-none-eabi/lib/thumb/v6-m/nofp/libc_nano.a(libc_a-findfp.o)
                              /opt/st/stm32cubeide_1.19.0/plugins/com.st.stm32cube.ide.mcu.externaltools.gnu-tools-for-stm32.13.3.rel1.linux64_1.0.0.202410170706/tools/bin/../lib/gcc/arm-none-eabi/13.3.1/../../../../arm-none-eabi/lib/thumb/v6-m/nofp/libc_nano.a(libc_a-exit.o) (__stdio_exit_handler)
/opt/st/stm32cubeide_1.19.0/plugins/com.st.stm32cube.ide.mcu.externaltools.gnu-tools-for-stm32.13.3.rel1.linux64_1.0.0.202410170706/tools/bin/../lib/gcc/arm-none-eabi/13.3.1/../../../../arm-none-eabi/lib/thumb/v6-m/nofp/libc_nano.a(libc_a-fwalk.o)
                              /opt/st/stm32cubeide_1.19.0/plugins/com.st.stm32cube.ide.mcu.externaltools.gnu-tools-for-stm32.13.3.rel1.linux64_1.0.0.202410170706/tools/bin/../lib/gcc/arm-none-eabi/13.3.1/../../../../arm-none-eabi/lib/thumb/v6-m/nofp/libc_nano.a(libc_a-findfp.o) (_fwalk_sglue)
/opt/st/stm32cubeide_1.19.0/plugins/com.st.stm32cube.ide.mcu.externaltools.gnu-tools-for-stm32.13.3.rel1.linux64_1.0.0.202410170706/tools/bin/../lib/gcc/arm-none-eabi/13.3.1/../../../../arm-none-eabi/lib/thumb/v6-m/nofp/libc_nano.a(libc_a-stdio.o)
                              /opt/st/stm32cubeide_1.19.0/plugins/com.st.stm32cube.ide.mcu.externaltools.gnu-tools-for-stm32.13.3.rel1.linux64_1.0.0.202410170706/tools/bin/../lib/gcc/arm-none-eabi/13.3.1/../../../../arm-none-eabi/lib/thumb/v6-m/nofp/libc_nano.a(libc_a-findfp.o) (__sread)
/opt/st/stm32cubeide_1.19.0/plugins/com.st.stm32cube.ide.mcu.externaltools.gnu-tools-for-stm32.13.3.rel1.linux64_1.0.0.202410170706/tools/bin/../lib/gcc/arm-none-eabi/13.3.1/../../../../arm-none-eabi/lib/thumb/v6-m/nofp/libc_nano.a(libc_a-memset.o)
                              /opt/st/stm32cubeide_1.19.0/plugins/com.st.stm32cube.ide.mcu.externaltools.gnu-tools-for-stm32.13.3.rel1.linux64_1.0.0.202410170706/tools/bin/../lib/gcc/arm-none-eabi/13.3.1/../../../../arm-none-eabi/lib/thumb/v6-m/nofp/crt0.o (memset)
/opt/st/stm32cubeide_1.19.0/plugins/com.st.stm32cube.ide.mcu.externaltools.gnu-tools-for-stm32.13.3.rel1.linux64_1.0.0.202410170706/tools/bin/../lib/gcc/arm-none-eabi/13.3.1/../../../../arm-none-eabi/lib/thumb/v6-m/nofp/libc_nano.a(libc_a-closer.o)
                              /opt/st/stm32cubeide_1.19.0/plugins/com.st.stm32cube.ide.mcu.externaltools.gnu-tools-for-stm32.13.3.rel1.linux64_1.0.0.202410170706/tools/bin/../lib/gcc/arm-none-eabi/13.3.1/../../../../arm-none-eabi/lib/thumb/v6-m/nofp/libc_nano.a(libc_a-stdio.o) (_close_r)
/opt/st/stm32cubeide_1.19.0/plugins/com.st.stm32cube.ide.mcu.externaltools.gnu-tools-for-stm32.13.3.rel1.linux64_1.0.0.202410170706/tools/bin/../lib/gcc/arm-none-eabi/13.3.1/../../../../arm-none-eabi/lib/thumb/v6-m/nofp/libc_nano.a(libc_a-reent.o)
                              /opt/st/stm32cubeide_1.19.0/plugins/com.st.stm32cube.ide.mcu.externaltools.gnu-tools-for-stm32.13.3.rel1.linux64_1.0.0.202410170706/tools/bin/../lib/gcc/arm-none-eabi/13.3.1/../../../../arm-none-eabi/lib/thumb/v6-m/nofp/libc_nano.a(libc_a-closer.o) (errno)
/opt/st/stm32cubeide_1.19.0/plugins/com.st.stm32cube.ide.mcu.externaltools.gnu-tools-for-stm32.13.3.rel1.linux64_1.0.0.202410170706/tools/bin/../lib/gcc/arm-none-eabi/13.3.1/../../../../arm-none-eabi/lib/thumb/v6-m/nofp/libc_nano.a(libc_a-impure.o)
                              /opt/st/stm32cubeide_1.19.0/plugins/com.st.stm32cube.ide.mcu.externaltools.gnu-tools-for-stm32.13.3.rel1.linux64_1.0.0.202410170706/tools/bin/../lib/gcc/arm-none-eabi/13.3.1/../../../../arm-none-eabi/lib/thumb/v6-m/nofp/libc_nano.a(libc_a-reent.o) (_impure_ptr)
/opt/st/stm32cubeide_1.19.0/plugins/com.st.stm32cube.ide.mcu.externaltools.gnu-tools-for-stm32.13.3.rel1.linux64_1.0.0.202410170706/tools/bin/../lib/gcc/arm-none-eabi/13.3.1/../../../../arm-none-eabi/lib/thumb/v6-m/nofp/libc_nano.a(libc_a-lseekr.o)
                              /opt/st/stm32cubeide_1.19.0/plugins/com.st.stm32cube.ide.mcu.externaltools.gnu-tools-for-stm32.13.3.rel1.linux64_1.0.0.202410170706/tools/bin/../lib/gcc/arm-none-eabi/13.3.1/../../../../arm-none-eabi/lib/thumb/v6-m/nofp/libc_nano.a(libc_a-stdio.o) (_lseek_r)
[...]
Memory Configuration

Name             Origin             Length             Attributes
RAM              0x20000000         0x0000a000         xrw
FLASH            0x08000000         0x00040000         xr
*default*        0x00000000         0xffffffff

Linker script and memory map

LOAD /opt/st/stm32cubeide_1.19.0/plugins/com.st.stm32cube.ide.mcu.externaltools.gnu-tools-for-stm32.13.3.rel1.linux64_1.0.0.202410170706/tools/bin/../lib/gcc/arm-none-eabi/13.3.1/thumb/v6-m/nofp/crti.o
LOAD /opt/st/stm32cubeide_1.19.0/plugins/com.st.stm32cube.ide.mcu.externaltools.gnu-tools-for-stm32.13.3.rel1.linux64_1.0.0.202410170706/tools/bin/../lib/gcc/arm-none-eabi/13.3.1/thumb/v6-m/nofp/crtbegin.o
LOAD /opt/st/stm32cubeide_1.19.0/plugins/com.st.stm32cube.ide.mcu.externaltools.gnu-tools-for-stm32.13.3.rel1.linux64_1.0.0.202410170706/tools/bin/../lib/gcc/arm-none-eabi/13.3.1/../../../../arm-none-eabi/lib/thumb/v6-m/nofp/crt0.o
LOAD ./Core/Src/main.o
LOAD ./Core/Src/stm32u0xx_hal_msp.o
LOAD ./Core/Src/stm32u0xx_it.o
LOAD ./Core/Src/syscalls.o
LOAD ./Core/Src/sysmem.o
LOAD ./Core/Src/system_stm32u0xx.o
LOAD ./Core/Startup/startup_stm32u073mctx.o
LOAD ./Drivers/STM32U0xx_HAL_Driver/Src/stm32u0xx_hal.o
LOAD ./Drivers/STM32U0xx_HAL_Driver/Src/stm32u0xx_hal_adc.o
LOAD ./Drivers/STM32U0xx_HAL_Driver/Src/stm32u0xx_hal_adc_ex.o
LOAD ./Drivers/STM32U0xx_HAL_Driver/Src/stm32u0xx_hal_cortex.o
LOAD ./Drivers/STM32U0xx_HAL_Driver/Src/stm32u0xx_hal_dma.o
LOAD ./Drivers/STM32U0xx_HAL_Driver/Src/stm32u0xx_hal_dma_ex.o
LOAD ./Drivers/STM32U0xx_HAL_Driver/Src/stm32u0xx_hal_exti.o
LOAD ./Drivers/STM32U0xx_HAL_Driver/Src/stm32u0xx_hal_flash.o
LOAD ./Drivers/STM32U0xx_HAL_Driver/Src/stm32u0xx_hal_flash_ex.o
LOAD ./Drivers/STM32U0xx_HAL_Driver/Src/stm32u0xx_hal_gpio.o
LOAD ./Drivers/STM32U0xx_HAL_Driver/Src/stm32u0xx_hal_i2c.o
LOAD ./Drivers/STM32U0xx_HAL_Driver/Src/stm32u0xx_hal_i2c_ex.o
LOAD ./Drivers/STM32U0xx_HAL_Driver/Src/stm32u0xx_hal_pwr.o
LOAD ./Drivers/STM32U0xx_HAL_Driver/Src/stm32u0xx_hal_pwr_ex.o
LOAD ./Drivers/STM32U0xx_HAL_Driver/Src/stm32u0xx_hal_rcc.o
LOAD ./Drivers/STM32U0xx_HAL_Driver/Src/stm32u0xx_hal_rcc_ex.o
LOAD ./Drivers/STM32U0xx_HAL_Driver/Src/stm32u0xx_hal_uart.o
LOAD ./Drivers/STM32U0xx_HAL_Driver/Src/stm32u0xx_hal_uart_ex.o
LOAD ./Drivers/STM32U0xx_HAL_Driver/Src/stm32u0xx_ll_adc.o
LOAD ./Drivers/STM32U0xx_HAL_Driver/Src/stm32u0xx_ll_i2c.o
START GROUP
LOAD /opt/st/stm32cubeide_1.19.0/plugins/com.st.stm32cube.ide.mcu.externaltools.gnu-tools-for-stm32.13.3.rel1.linux64_1.0.0.202410170706/tools/bin/../lib/gcc/arm-none-eabi/13.3.1/../../../../arm-none-eabi/lib/thumb/v6-m/nofp/libc_nano.a
LOAD /opt/st/stm32cubeide_1.19.0/plugins/com.st.stm32cube.ide.mcu.externaltools.gnu-tools-for-stm32.13.3.rel1.linux64_1.0.0.202410170706/tools/bin/../lib/gcc/arm-none-eabi/13.3.1/../../../../arm-none-eabi/lib/thumb/v6-m/nofp/libm.a
END GROUP
START GROUP
LOAD /opt/st/stm32cubeide_1.19.0/plugins/com.st.stm32cube.ide.mcu.externaltools.gnu-tools-for-stm32.13.3.rel1.linux64_1.0.0.202410170706/tools/bin/../lib/gcc/arm-none-eabi/13.3.1/thumb/v6-m/nofp/libgcc.a
LOAD /opt/st/stm32cubeide_1.19.0/plugins/com.st.stm32cube.ide.mcu.externaltools.gnu-tools-for-stm32.13.3.rel1.linux64_1.0.0.202410170706/tools/bin/../lib/gcc/arm-none-eabi/13.3.1/../../../../arm-none-eabi/lib/thumb/v6-m/nofp/libc_nano.a
END GROUP
START GROUP
LOAD /opt/st/stm32cubeide_1.19.0/plugins/com.st.stm32cube.ide.mcu.externaltools.gnu-tools-for-stm32.13.3.rel1.linux64_1.0.0.202410170706/tools/bin/../lib/gcc/arm-none-eabi/13.3.1/thumb/v6-m/nofp/libgcc.a
LOAD /opt/st/stm32cubeide_1.19.0/plugins/com.st.stm32cube.ide.mcu.externaltools.gnu-tools-for-stm32.13.3.rel1.linux64_1.0.0.202410170706/tools/bin/../lib/gcc/arm-none-eabi/13.3.1/../../../../arm-none-eabi/lib/thumb/v6-m/nofp/libc_nano.a
LOAD /opt/st/stm32cubeide_1.19.0/plugins/com.st.stm32cube.ide.mcu.externaltools.gnu-tools-for-stm32.13.3.rel1.linux64_1.0.0.202410170706/tools/bin/../lib/gcc/arm-none-eabi/13.3.1/../../../../arm-none-eabi/lib/thumb/v6-m/nofp/libnosys.a
END GROUP
START GROUP
LOAD /opt/st/stm32cubeide_1.19.0/plugins/com.st.stm32cube.ide.mcu.externaltools.gnu-tools-for-stm32.13.3.rel1.linux64_1.0.0.202410170706/tools/bin/../lib/gcc/arm-none-eabi/13.3.1/thumb/v6-m/nofp/libgcc.a
LOAD /opt/st/stm32cubeide_1.19.0/plugins/com.st.stm32cube.ide.mcu.externaltools.gnu-tools-for-stm32.13.3.rel1.linux64_1.0.0.202410170706/tools/bin/../lib/gcc/arm-none-eabi/13.3.1/../../../../arm-none-eabi/lib/thumb/v6-m/nofp/libc_nano.a
LOAD /opt/st/stm32cubeide_1.19.0/plugins/com.st.stm32cube.ide.mcu.externaltools.gnu-tools-for-stm32.13.3.rel1.linux64_1.0.0.202410170706/tools/bin/../lib/gcc/arm-none-eabi/13.3.1/../../../../arm-none-eabi/lib/thumb/v6-m/nofp/libnosys.a
END GROUP
LOAD /opt/st/stm32cubeide_1.19.0/plugins/com.st.stm32cube.ide.mcu.externaltools.gnu-tools-for-stm32.13.3.rel1.linux64_1.0.0.202410170706/tools/bin/../lib/gcc/arm-none-eabi/13.3.1/thumb/v6-m/nofp/crtend.o
LOAD /opt/st/stm32cubeide_1.19.0/plugins/com.st.stm32cube.ide.mcu.externaltools.gnu-tools-for-stm32.13.3.rel1.linux64_1.0.0.202410170706/tools/bin/../lib/gcc/arm-none-eabi/13.3.1/thumb/v6-m/nofp/crtn.o
                0x2000a000                        _estack = (ORIGIN (RAM) + LENGTH (RAM))
                0x00000200                        _Min_Heap_Size = 0x200
                0x00000400                        _Min_Stack_Size = 0x400

.isr_vector     0x08000000       0xc0
                0x08000000                        . = ALIGN (0x4)
 *(.isr_vector)
 .isr_vector    0x08000000       0xc0 ./Core/Startup/startup_stm32u073mctx.o
                0x08000000                g_pfnVectors
                0x080000c0                        . = ALIGN (0x4)

.text           0x080000c0     0x4c70
                0x080000c0                        . = ALIGN (0x4)
 *(.text)
 .text          0x080000c0       0x48 /opt/st/stm32cubeide_1.19.0/plugins/com.st.stm32cube.ide.mcu.externaltools.gnu-tools-for-stm32.13.3.rel1.linux64_1.0.0.202410170706/tools/bin/../lib/gcc/arm-none-eabi/13.3.1/thumb/v6-m/nofp/crtbegin.o
 .text          0x08000108      0x114 /opt/st/stm32cubeide_1.19.0/plugins/com.st.stm32cube.ide.mcu.externaltools.gnu-tools-for-stm32.13.3.rel1.linux64_1.0.0.202410170706/tools/bin/../lib/gcc/arm-none-eabi/13.3.1/thumb/v6-m/nofp/libgcc.a(_udivsi3.o)
                0x08000108                __udivsi3
                0x08000108                __aeabi_uidiv
                0x08000214                __aeabi_uidivmod
 .text          0x0800021c      0x1d4 /opt/st/stm32cubeide_1.19.0/plugins/com.st.stm32cube.ide.mcu.externaltools.gnu-tools-for-stm32.13.3.rel1.linux64_1.0.0.202410170706/tools/bin/../lib/gcc/arm-none-eabi/13.3.1/thumb/v6-m/nofp/libgcc.a(_divsi3.o)
                0x0800021c                __aeabi_idiv
                0x0800021c                __divsi3
                0x080003e8                __aeabi_idivmod
 .text          0x080003f0        0x4 /opt/st/stm32cubeide_1.19.0/plugins/com.st.stm32cube.ide.mcu.externaltools.gnu-tools-for-stm32.13.3.rel1.linux64_1.0.0.202410170706/tools/bin/../lib/gcc/arm-none-eabi/13.3.1/thumb/v6-m/nofp/libgcc.a(_dvmd_tls.o)
                0x080003f0                __aeabi_ldiv0
                0x080003f0                __aeabi_idiv0
 .text          0x080003f4       0x3c /opt/st/stm32cubeide_1.19.0/plugins/com.st.stm32cube.ide.mcu.externaltools.gnu-tools-for-stm32.13.3.rel1.linux64_1.0.0.202410170706/tools/bin/../lib/gcc/arm-none-eabi/13.3.1/thumb/v6-m/nofp/libgcc.a(_clzsi2.o)
                0x080003f4                __clzsi2
 .text          0x08000430       0x40 /opt/st/stm32cubeide_1.19.0/plugins/com.st.stm32cube.ide.mcu.externaltools.gnu-tools-for-stm32.13.3.rel1.linux64_1.0.0.202410170706/tools/bin/../lib/gcc/arm-none-eabi/13.3.1/thumb/v6-m/nofp/libgcc.a(_aeabi_uldivmod.o)
                0x08000430                __aeabi_uldivmod
 .text          0x08000470      0x198 /opt/st/stm32cubeide_1.19.0/plugins/com.st.stm32cube.ide.mcu.externaltools.gnu-tools-for-stm32.13.3.rel1.linux64_1.0.0.202410170706/tools/bin/../lib/gcc/arm-none-eabi/13.3.1/thumb/v6-m/nofp/libgcc.a(_udivmoddi4.o)
                0x08000470                __udivmoddi4
 .text          0x08000608       0x18 /opt/st/stm32cubeide_1.19.0/plugins/com.st.stm32cube.ide.mcu.externaltools.gnu-tools-for-stm32.13.3.rel1.linux64_1.0.0.202410170706/tools/bin/../lib/gcc/arm-none-eabi/13.3.1/thumb/v6-m/nofp/libgcc.a(_clzdi2.o)
                0x08000608                __clzdi2
 *(.text*)
 .text.powerUpSequence
                0x08000620       0x10 ./Core/Src/main.o
                0x08000620                powerUpSequence
 .text.powerDownSequence
                0x08000630       0x10 ./Core/Src/main.o
                0x08000630                powerDownSequence
 .text.checkPowerGood
                0x08000640       0x12 ./Core/Src/main.o
                0x08000640                checkPowerGood
 .text.RCW      0x08000652       0x1a ./Core/Src/main.o
                0x08000652                RCW
 .text.MCU_RST  0x0800066c       0x1a ./Core/Src/main.o
                0x0800066c                MCU_RST
 .text.enableClocks
                0x08000686       0x10 ./Core/Src/main.o
                0x08000686                enableClocks
 .text.main     0x08000696       0x78 ./Core/Src/main.o
                0x08000696                main
 .text.SystemClock_Config
                0x0800070e       0x8a ./Core/Src/main.o
                0x0800070e                SystemClock_Config
 .text.MX_ADC1_Init
                0x08000798       0xd4 ./Core/Src/main.o
 .text.MX_FLASH_Init
                0x0800086c       0x22 ./Core/Src/main.o
 *fill*         0x0800088e        0x2 
 .text.MX_I2C1_Init
                0x08000890       0x80 ./Core/Src/main.o
 .text.MX_I2C2_Init
                0x08000910       0x80 ./Core/Src/main.o
 .text.MX_I2C3_Init
                0x08000990       0x80 ./Core/Src/main.o
 .text.MX_I2C4_Init
                0x08000a10       0x80 ./Core/Src/main.o
 .text.MX_LPUART1_UART_Init
                0x08000a90       0x98 ./Core/Src/main.o
 .text.MX_LPUART2_UART_Init
                0x08000b28       0x98 ./Core/Src/main.o
 .text.MX_GPIO_Init
                0x08000bc0      0x1f4 ./Core/Src/main.o
 .text.Error_Handler
                0x08000db4        0xc ./Core/Src/main.o
                0x08000db4                Error_Handler
 .text.HAL_MspInit
                0x08000dc0       0x48 ./Core/Src/stm32u0xx_hal_msp.o
                0x08000dc0                HAL_MspInit
 .text.HAL_ADC_MspInit
                0x08000e08       0xb8 ./Core/Src/stm32u0xx_hal_msp.o
                0x08000e08                HAL_ADC_MspInit
 .text.HAL_I2C_MspInit
                0x08000ec0      0x240 ./Core/Src/stm32u0xx_hal_msp.o
                0x08000ec0                HAL_I2C_MspInit
 .text.HAL_UART_MspInit
                0x08001100      0x150 ./Core/Src/stm32u0xx_hal_msp.o
                0x08001100                HAL_UART_MspInit
 .text.NMI_Handler
                0x08001250        0x8 ./Core/Src/stm32u0xx_it.o
                0x08001250                NMI_Handler
 .text.HardFault_Handler
                0x08001258        0x8 ./Core/Src/stm32u0xx_it.o
                0x08001258                HardFault_Handler
 .text.SVC_Handler
                0x08001260        0xa ./Core/Src/stm32u0xx_it.o
                0x08001260                SVC_Handler
 .text.PendSV_Handler
                0x0800126a        0xa ./Core/Src/stm32u0xx_it.o
                0x0800126a                PendSV_Handler
 .text.SysTick_Handler
                0x08001274        0xe ./Core/Src/stm32u0xx_it.o
                0x08001274                SysTick_Handler
 *fill*         0x08001282        0x2 
 .text.SystemInit
                0x08001284       0x58 ./Core/Src/system_stm32u0xx.o
                0x08001284                SystemInit
 .text.Reset_Handler
                0x080012dc       0x50 ./Core/Startup/startup_stm32u073mctx.o
                0x080012dc                Reset_Handler
 .text.Default_Handler
                0x0800132c        0x2 ./Core/Startup/startup_stm32u073mctx.o
                0x0800132c                WWDG_IWDG_IRQHandler
                0x0800132c                DMA1_Ch4_7_DMA2_Ch1_5_DMAMUX_OVR_IRQHandler
                0x0800132c                TIM1_CC_IRQHandler
                0x0800132c                TSC_IRQHandler
                0x0800132c                USB_DRD_FS_IRQHandler
                0x0800132c                I2C1_IRQHandler
                0x0800132c                TIM7_LPTIM2_IRQHandler
                0x0800132c                RCC_CRS_IRQHandler
                0x0800132c                RTC_TAMP_IRQHandler
                0x0800132c                I2C2_3_4_IRQHandler
                0x0800132c                SPI1_IRQHandler
                0x0800132c                EXTI2_3_IRQHandler
                0x0800132c                USART2_LPUART2_IRQHandler
                0x0800132c                LCD_IRQHandler
                0x0800132c                TIM16_IRQHandler
                0x0800132c                TIM3_IRQHandler
                0x0800132c                EXTI4_15_IRQHandler
                0x0800132c                DMA1_Channel1_IRQHandler
                0x0800132c                Default_Handler
                0x0800132c                TIM15_LPTIM3_IRQHandler
                0x0800132c                EXTI0_1_IRQHandler
                0x0800132c                SPI2_3_IRQHandler
                0x0800132c                ADC_COMP1_2_IRQHandler
                0x0800132c                PVD_PVM_IRQHandler
                0x0800132c                TIM6_DAC_LPTIM1_IRQHandler
                0x0800132c                TIM2_IRQHandler
                0x0800132c                DMA1_Channel2_3_IRQHandler
                0x0800132c                USART4_LPUART3_IRQHandler
                0x0800132c                FLASH_ECC_IRQHandler
                0x0800132c                USART3_LPUART1_IRQHandler
                0x0800132c                USART1_IRQHandler
                0x0800132c                TIM1_BRK_UP_TRG_COM_IRQHandler
                0x0800132c                RNG_CRYP_IRQHandler
 .text.HAL_Init
                0x0800132e       0x2e ./Drivers/STM32U0xx_HAL_Driver/Src/stm32u0xx_hal.o
                0x0800132e                HAL_Init
 .text.HAL_InitTick
                0x0800135c       0x94 ./Drivers/STM32U0xx_HAL_Driver/Src/stm32u0xx_hal.o
                0x0800135c                HAL_InitTick
 .text.HAL_IncTick
                0x080013f0       0x24 ./Drivers/STM32U0xx_HAL_Driver/Src/stm32u0xx_hal.o
                0x080013f0                HAL_IncTick
 .text.HAL_GetTick
                0x08001414       0x14 ./Drivers/STM32U0xx_HAL_Driver/Src/stm32u0xx_hal.o
                0x08001414                HAL_GetTick
 .text.HAL_Delay
                0x08001428       0x48 ./Drivers/STM32U0xx_HAL_Driver/Src/stm32u0xx_hal.o
                0x08001428                HAL_Delay
 .text.LL_ADC_SetCommonPathInternalCh
                0x08001470       0x28 ./Drivers/STM32U0xx_HAL_Driver/Src/stm32u0xx_hal_adc.o
 .text.LL_ADC_GetCommonPathInternalCh
                0x08001498       0x1a ./Drivers/STM32U0xx_HAL_Driver/Src/stm32u0xx_hal_adc.o
 .text.LL_ADC_SetSamplingTimeCommonChannels
                0x080014b2       0x3a ./Drivers/STM32U0xx_HAL_Driver/Src/stm32u0xx_hal_adc.o
 .text.LL_ADC_GetSamplingTimeCommonChannels
                0x080014ec       0x2e ./Drivers/STM32U0xx_HAL_Driver/Src/stm32u0xx_hal_adc.o
 .text.LL_ADC_REG_SetSequencerRanks
                0x0800151a       0x40 ./Drivers/STM32U0xx_HAL_Driver/Src/stm32u0xx_hal_adc.o
 .text.LL_ADC_REG_SetSequencerChAdd
                0x0800155a       0x22 ./Drivers/STM32U0xx_HAL_Driver/Src/stm32u0xx_hal_adc.o
 .text.LL_ADC_REG_SetSequencerChRem
                0x0800157c       0x24 ./Drivers/STM32U0xx_HAL_Driver/Src/stm32u0xx_hal_adc.o
 .text.LL_ADC_SetChannelSamplingTime
                0x080015a0       0x38 ./Drivers/STM32U0xx_HAL_Driver/Src/stm32u0xx_hal_adc.o
 .text.LL_ADC_EnableInternalRegulator
                0x080015d8       0x28 ./Drivers/STM32U0xx_HAL_Driver/Src/stm32u0xx_hal_adc.o
 .text.LL_ADC_IsInternalRegulatorEnabled
                0x08001600       0x28 ./Drivers/STM32U0xx_HAL_Driver/Src/stm32u0xx_hal_adc.o
 .text.LL_ADC_IsEnabled
                0x08001628       0x22 ./Drivers/STM32U0xx_HAL_Driver/Src/stm32u0xx_hal_adc.o
 .text.LL_ADC_REG_IsConversionOngoing
                0x0800164a       0x22 ./Drivers/STM32U0xx_HAL_Driver/Src/stm32u0xx_hal_adc.o
 .text.HAL_ADC_Init
                0x0800166c      0x350 ./Drivers/STM32U0xx_HAL_Driver/Src/stm32u0xx_hal_adc.o
                0x0800166c                HAL_ADC_Init
 .text.HAL_ADC_ConfigChannel
                0x080019bc      0x2d8 ./Drivers/STM32U0xx_HAL_Driver/Src/stm32u0xx_hal_adc.o
                0x080019bc                HAL_ADC_ConfigChannel
 .text.__NVIC_SetPriority
                0x08001c94       0xdc ./Drivers/STM32U0xx_HAL_Driver/Src/stm32u0xx_hal_cortex.o
 .text.SysTick_Config
                0x08001d70       0x48 ./Drivers/STM32U0xx_HAL_Driver/Src/stm32u0xx_hal_cortex.o
 .text.HAL_NVIC_SetPriority
                0x08001db8       0x2a ./Drivers/STM32U0xx_HAL_Driver/Src/stm32u0xx_hal_cortex.o
                0x08001db8                HAL_NVIC_SetPriority
 .text.HAL_SYSTICK_Config
                0x08001de2       0x1a ./Drivers/STM32U0xx_HAL_Driver/Src/stm32u0xx_hal_cortex.o
                0x08001de2                HAL_SYSTICK_Config
 .text.HAL_FLASH_Unlock
                0x08001dfc       0x48 ./Drivers/STM32U0xx_HAL_Driver/Src/stm32u0xx_hal_flash.o
                0x08001dfc                HAL_FLASH_Unlock
 .text.HAL_FLASH_Lock
                0x08001e44       0x38 ./Drivers/STM32U0xx_HAL_Driver/Src/stm32u0xx_hal_flash.o
                0x08001e44                HAL_FLASH_Lock
 .text.HAL_GPIO_Init
                0x08001e7c      0x2e8 ./Drivers/STM32U0xx_HAL_Driver/Src/stm32u0xx_hal_gpio.o
                0x08001e7c                HAL_GPIO_Init
 .text.HAL_GPIO_WritePin
                0x08002164       0x3a ./Drivers/STM32U0xx_HAL_Driver/Src/stm32u0xx_hal_gpio.o
                0x08002164                HAL_GPIO_WritePin
 *fill*         0x0800219e        0x2 
 .text.HAL_I2C_Init
                0x080021a0      0x14c ./Drivers/STM32U0xx_HAL_Driver/Src/stm32u0xx_hal_i2c.o
                0x080021a0                HAL_I2C_Init
 .text.HAL_I2CEx_ConfigAnalogFilter
                0x080022ec       0x98 ./Drivers/STM32U0xx_HAL_Driver/Src/stm32u0xx_hal_i2c_ex.o
                0x080022ec                HAL_I2CEx_ConfigAnalogFilter
 .text.HAL_I2CEx_ConfigDigitalFilter
                0x08002384       0x98 ./Drivers/STM32U0xx_HAL_Driver/Src/stm32u0xx_hal_i2c_ex.o
                0x08002384                HAL_I2CEx_ConfigDigitalFilter
 .text.HAL_PWREx_ControlVoltageScaling
                0x0800241c       0xc0 ./Drivers/STM32U0xx_HAL_Driver/Src/stm32u0xx_hal_pwr_ex.o
                0x0800241c                HAL_PWREx_ControlVoltageScaling
 .text.HAL_PWREx_GetVoltageRange
                0x080024dc       0x18 ./Drivers/STM32U0xx_HAL_Driver/Src/stm32u0xx_hal_pwr_ex.o
                0x080024dc                HAL_PWREx_GetVoltageRange
 .text.HAL_RCC_OscConfig
                0x080024f4      0x854 ./Drivers/STM32U0xx_HAL_Driver/Src/stm32u0xx_hal_rcc.o
                0x080024f4                HAL_RCC_OscConfig
 .text.HAL_RCC_ClockConfig
                0x08002d48      0x1d8 ./Drivers/STM32U0xx_HAL_Driver/Src/stm32u0xx_hal_rcc.o
                0x08002d48                HAL_RCC_ClockConfig
 .text.HAL_RCC_GetSysClockFreq
                0x08002f20      0x138 ./Drivers/STM32U0xx_HAL_Driver/Src/stm32u0xx_hal_rcc.o
                0x08002f20                HAL_RCC_GetSysClockFreq
 .text.HAL_RCC_GetHCLKFreq
                0x08003058       0x14 ./Drivers/STM32U0xx_HAL_Driver/Src/stm32u0xx_hal_rcc.o
                0x08003058                HAL_RCC_GetHCLKFreq
 .text.HAL_RCC_GetPCLK1Freq
                0x0800306c       0x30 ./Drivers/STM32U0xx_HAL_Driver/Src/stm32u0xx_hal_rcc.o
                0x0800306c                HAL_RCC_GetPCLK1Freq
 .text.RCC_SetFlashLatencyFromMSIRange
                0x0800309c       0xd8 ./Drivers/STM32U0xx_HAL_Driver/Src/stm32u0xx_hal_rcc.o
 .text.HAL_RCCEx_PeriphCLKConfig
                0x08003174      0x44c ./Drivers/STM32U0xx_HAL_Driver/Src/stm32u0xx_hal_rcc_ex.o
                0x08003174                HAL_RCCEx_PeriphCLKConfig
 .text.HAL_RCCEx_GetPeriphCLKFreq
                0x080035c0      0xa98 ./Drivers/STM32U0xx_HAL_Driver/Src/stm32u0xx_hal_rcc_ex.o
                0x080035c0                HAL_RCCEx_GetPeriphCLKFreq
 .text.HAL_RCCEx_GetPLLClockFreq
                0x08004058      0x17c ./Drivers/STM32U0xx_HAL_Driver/Src/stm32u0xx_hal_rcc_ex.o
                0x08004058                HAL_RCCEx_GetPLLClockFreq
 .text.HAL_UART_Init
                0x080041d4       0xac ./Drivers/STM32U0xx_HAL_Driver/Src/stm32u0xx_hal_uart.o
                0x080041d4                HAL_UART_Init
 .text.UART_SetConfig
                0x08004280      0x3a4 ./Drivers/STM32U0xx_HAL_Driver/Src/stm32u0xx_hal_uart.o
                0x08004280                UART_SetConfig
 .text.UART_AdvFeatureConfig
                0x08004624      0x168 ./Drivers/STM32U0xx_HAL_Driver/Src/stm32u0xx_hal_uart.o
                0x08004624                UART_AdvFeatureConfig
 .text.UART_CheckIdleState
                0x0800478c      0x154 ./Drivers/STM32U0xx_HAL_Driver/Src/stm32u0xx_hal_uart.o
                0x0800478c                UART_CheckIdleState
 .text.UART_WaitOnFlagUntilTimeout
                0x080048e0       0xde ./Drivers/STM32U0xx_HAL_Driver/Src/stm32u0xx_hal_uart.o
                0x080048e0                UART_WaitOnFlagUntilTimeout
 *fill*         0x080049be        0x2 
 .text.UART_EndRxTransfer
                0x080049c0       0xcc ./Drivers/STM32U0xx_HAL_Driver/Src/stm32u0xx_hal_uart.o
 .text.HAL_UARTEx_DisableFifoMode
                0x08004a8c       0x74 ./Drivers/STM32U0xx_HAL_Driver/Src/stm32u0xx_hal_uart_ex.o
                0x08004a8c                HAL_UARTEx_DisableFifoMode
 .text.HAL_UARTEx_SetTxFifoThreshold
                0x08004b00       0x7e ./Drivers/STM32U0xx_HAL_Driver/Src/stm32u0xx_hal_uart_ex.o
                0x08004b00                HAL_UARTEx_SetTxFifoThreshold
 *fill*         0x08004b7e        0x2 
 .text.HAL_UARTEx_SetRxFifoThreshold
                0x08004b80       0x84 ./Drivers/STM32U0xx_HAL_Driver/Src/stm32u0xx_hal_uart_ex.o
                0x08004b80                HAL_UARTEx_SetRxFifoThreshold
 .text.UARTEx_SetNbDataToProcess
                0x08004c04       0xbc ./Drivers/STM32U0xx_HAL_Driver/Src/stm32u0xx_hal_uart_ex.o
 .text.memset   0x08004cc0       0x10 /opt/st/stm32cubeide_1.19.0/plugins/com.st.stm32cube.ide.mcu.externaltools.gnu-tools-for-stm32.13.3.rel1.linux64_1.0.0.202410170706/tools/bin/../lib/gcc/arm-none-eabi/13.3.1/../../../../arm-none-eabi/lib/thumb/v6-m/nofp/libc_nano.a(libc_a-memset.o)
                0x08004cc0                memset
 .text.__libc_init_array
                0x08004cd0       0x48 /opt/st/stm32cubeide_1.19.0/plugins/com.st.stm32cube.ide.mcu.externaltools.gnu-tools-for-stm32.13.3.rel1.linux64_1.0.0.202410170706/tools/bin/../lib/gcc/arm-none-eabi/13.3.1/../../../../arm-none-eabi/lib/thumb/v6-m/nofp/libc_nano.a(libc_a-init.o)
                0x08004cd0                __libc_init_array
 *(.glue_7)
 .glue_7        0x08004d18        0x0 linker stubs
 *(.glue_7t)
 .glue_7t       0x08004d18        0x0 linker stubs
 *(.eh_frame)
 .eh_frame      0x08004d18        0x0 /opt/st/stm32cubeide_1.19.0/plugins/com.st.stm32cube.ide.mcu.externaltools.gnu-tools-for-stm32.13.3.rel1.linux64_1.0.0.202410170706/tools/bin/../lib/gcc/arm-none-eabi/13.3.1/thumb/v6-m/nofp/crtbegin.o
 *(.init)
 .init          0x08004d18        0x4 /opt/st/stm32cubeide_1.19.0/plugins/com.st.stm32cube.ide.mcu.externaltools.gnu-tools-for-stm32.13.3.rel1.linux64_1.0.0.202410170706/tools/bin/../lib/gcc/arm-none-eabi/13.3.1/thumb/v6-m/nofp/crti.o
                0x08004d18                _init
 .init          0x08004d1c        0x8 /opt/st/stm32cubeide_1.19.0/plugins/com.st.stm32cube.ide.mcu.externaltools.gnu-tools-for-stm32.13.3.rel1.linux64_1.0.0.202410170706/tools/bin/../lib/gcc/arm-none-eabi/13.3.1/thumb/v6-m/nofp/crtn.o
 *(.fini)
 .fini          0x08004d24        0x4 /opt/st/stm32cubeide_1.19.0/plugins/com.st.stm32cube.ide.mcu.externaltools.gnu-tools-for-stm32.13.3.rel1.linux64_1.0.0.202410170706/tools/bin/../lib/gcc/arm-none-eabi/13.3.1/thumb/v6-m/nofp/crti.o
                0x08004d24                _fini
 .fini          0x08004d28        0x8 /opt/st/stm32cubeide_1.19.0/plugins/com.st.stm32cube.ide.mcu.externaltools.gnu-tools-for-stm32.13.3.rel1.linux64_1.0.0.202410170706/tools/bin/../lib/gcc/arm-none-eabi/13.3.1/thumb/v6-m/nofp/crtn.o
                0x08004d30                        . = ALIGN (0x4)
                0x08004d30                        _etext = .

.vfp11_veneer   0x08004d30        0x0
 .vfp11_veneer  0x08004d30        0x0 linker stubs

.v4_bx          0x08004d30        0x0
 .v4_bx         0x08004d30        0x0 linker stubs

.iplt           0x08004d30        0x0
 .iplt          0x08004d30        0x0 /opt/st/stm32cubeide_1.19.0/plugins/com.st.stm32cube.ide.mcu.externaltools.gnu-tools-for-stm32.13.3.rel1.linux64_1.0.0.202410170706/tools/bin/../lib/gcc/arm-none-eabi/13.3.1/thumb/v6-m/nofp/crtbegin.o

.rodata         0x08004d30       0xf4
                0x08004d30                        . = ALIGN (0x4)
 *(.rodata)
 *(.rodata*)
 .rodata.AHBPrescTable
                0x08004d30       0x10 ./Core/Src/system_stm32u0xx.o
                0x08004d30                AHBPrescTable
 .rodata.APBPrescTable
                0x08004d40        0x8 ./Core/Src/system_stm32u0xx.o
                0x08004d40                APBPrescTable
 .rodata.MSIRangeTable
                0x08004d48       0x30 ./Core/Src/system_stm32u0xx.o
                0x08004d48                MSIRangeTable
 .rodata.HAL_RCCEx_GetPeriphCLKFreq
                0x08004d78       0x84 ./Drivers/STM32U0xx_HAL_Driver/Src/stm32u0xx_hal_rcc_ex.o
 .rodata.UARTPrescTable
                0x08004dfc       0x18 ./Drivers/STM32U0xx_HAL_Driver/Src/stm32u0xx_hal_uart.o
                0x08004dfc                UARTPrescTable
 .rodata.numerator.1
                0x08004e14        0x8 ./Drivers/STM32U0xx_HAL_Driver/Src/stm32u0xx_hal_uart_ex.o
 .rodata.denominator.0
                0x08004e1c        0x8 ./Drivers/STM32U0xx_HAL_Driver/Src/stm32u0xx_hal_uart_ex.o
                0x08004e24                        . = ALIGN (0x4)

.ARM.extab      0x08004e24        0x0
                0x08004e24                        . = ALIGN (0x4)
 *(.ARM.extab* .gnu.linkonce.armextab.*)
                0x08004e24                        . = ALIGN (0x4)

.ARM            0x08004e24        0x8
                0x08004e24                        . = ALIGN (0x4)
                0x08004e24                        __exidx_start = .
 *(.ARM.exidx*)
 .ARM.exidx     0x08004e24        0x8 /opt/st/stm32cubeide_1.19.0/plugins/com.st.stm32cube.ide.mcu.externaltools.gnu-tools-for-stm32.13.3.rel1.linux64_1.0.0.202410170706/tools/bin/../lib/gcc/arm-none-eabi/13.3.1/thumb/v6-m/nofp/libgcc.a(_udivmoddi4.o)
                0x08004e2c                        __exidx_end = .
                0x08004e2c                        . = ALIGN (0x4)

.preinit_array  0x08004e2c        0x0
                0x08004e2c                        . = ALIGN (0x4)
                0x08004e2c                        PROVIDE (__preinit_array_start = .)
 *(.preinit_array*)
                0x08004e2c                        PROVIDE (__preinit_array_end = .)
                0x08004e2c                        . = ALIGN (0x4)

.init_array     0x08004e2c        0x4
                0x08004e2c                        . = ALIGN (0x4)
                0x08004e2c                        PROVIDE (__init_array_start = .)
 *(SORT_BY_NAME(.init_array.*))
 *(.init_array*)
 .init_array    0x08004e2c        0x4 /opt/st/stm32cubeide_1.19.0/plugins/com.st.stm32cube.ide.mcu.externaltools.gnu-tools-for-stm32.13.3.rel1.linux64_1.0.0.202410170706/tools/bin/../lib/gcc/arm-none-eabi/13.3.1/thumb/v6-m/nofp/crtbegin.o
                0x08004e30                        PROVIDE (__init_array_end = .)
                0x08004e30                        . = ALIGN (0x4)

.fini_array     0x08004e30        0x4
                0x08004e30                        . = ALIGN (0x4)
                [!provide]                        PROVIDE (__fini_array_start = .)
 *(SORT_BY_NAME(.fini_array.*))
 *(.fini_array*)
 .fini_array    0x08004e30        0x4 /opt/st/stm32cubeide_1.19.0/plugins/com.st.stm32cube.ide.mcu.externaltools.gnu-tools-for-stm32.13.3.rel1.linux64_1.0.0.202410170706/tools/bin/../lib/gcc/arm-none-eabi/13.3.1/thumb/v6-m/nofp/crtbegin.o
                [!provide]                        PROVIDE (__fini_array_end = .)
                0x08004e34                        . = ALIGN (0x4)
                0x08004e34                        _sidata = LOADADDR (.data)

.rel.dyn        0x08004e34        0x0
 .rel.iplt      0x08004e34        0x0 /opt/st/stm32cubeide_1.19.0/plugins/com.st.stm32cube.ide.mcu.externaltools.gnu-tools-for-stm32.13.3.rel1.linux64_1.0.0.202410170706/tools/bin/../lib/gcc/arm-none-eabi/13.3.1/thumb/v6-m/nofp/crtbegin.o

.data           0x20000000        0xc load address 0x08004e34
                0x20000000                        . = ALIGN (0x4)
                0x20000000                        _sdata = .
 *(.data)
 *(.data*)
 .data.SystemCoreClock
                0x20000000        0x4 ./Core/Src/system_stm32u0xx.o
                0x20000000                SystemCoreClock
 .data.uwTickPrio
                0x20000004        0x4 ./Drivers/STM32U0xx_HAL_Driver/Src/stm32u0xx_hal.o
                0x20000004                uwTickPrio
 .data.uwTickFreq
                0x20000008        0x1 ./Drivers/STM32U0xx_HAL_Driver/Src/stm32u0xx_hal.o
                0x20000008                uwTickFreq
 *(.RamFunc)
 *(.RamFunc*)
                0x2000000c                        . = ALIGN (0x4)
 *fill*         0x20000009        0x3 
                0x2000000c                        _edata = .

.igot.plt       0x2000000c        0x0 load address 0x08004e40
 .igot.plt      0x2000000c        0x0 /opt/st/stm32cubeide_1.19.0/plugins/com.st.stm32cube.ide.mcu.externaltools.gnu-tools-for-stm32.13.3.rel1.linux64_1.0.0.202410170706/tools/bin/../lib/gcc/arm-none-eabi/13.3.1/thumb/v6-m/nofp/crtbegin.o
                0x2000000c                        . = ALIGN (0x4)

.bss            0x2000000c      0x2fc load address 0x08004e40
                0x2000000c                        _sbss = .
                0x2000000c                        __bss_start__ = _sbss
 *(.bss)
 .bss           0x2000000c       0x1c /opt/st/stm32cubeide_1.19.0/plugins/com.st.stm32cube.ide.mcu.externaltools.gnu-tools-for-stm32.13.3.rel1.linux64_1.0.0.202410170706/tools/bin/../lib/gcc/arm-none-eabi/13.3.1/thumb/v6-m/nofp/crtbegin.o
 *(.bss*)
 .bss.hadc1     0x20000028       0x64 ./Core/Src/main.o
                0x20000028                hadc1
 .bss.hi2c1     0x2000008c       0x54 ./Core/Src/main.o
                0x2000008c                hi2c1
 .bss.hi2c2     0x200000e0       0x54 ./Core/Src/main.o
                0x200000e0                hi2c2
 .bss.hi2c3     0x20000134       0x54 ./Core/Src/main.o
                0x20000134                hi2c3
 .bss.hi2c4     0x20000188       0x54 ./Core/Src/main.o
                0x20000188                hi2c4
 .bss.hlpuart1  0x200001dc       0x94 ./Core/Src/main.o
                0x200001dc                hlpuart1
 .bss.hlpuart2  0x20000270       0x94 ./Core/Src/main.o
                0x20000270                hlpuart2
 .bss.uwTick    0x20000304        0x4 ./Drivers/STM32U0xx_HAL_Driver/Src/stm32u0xx_hal.o
                0x20000304                uwTick
 *(COMMON)
                0x20000308                        . = ALIGN (0x4)
                0x20000308                        _ebss = .
                0x20000308                        __bss_end__ = _ebss

._user_heap_stack
                0x20000308      0x600 load address 0x08004e40
                0x20000308                        . = ALIGN (0x8)
                [!provide]                        PROVIDE (end = .)
                0x20000308                        PROVIDE (_end = .)
                0x20000508                        . = (. + _Min_Heap_Size)
 *fill*         0x20000308      0x200 
                0x20000908                        . = (. + _Min_Stack_Size)
 *fill*         0x20000508      0x400 
                0x20000908                        . = ALIGN (0x8)

/DISCARD/
 libc.a(*)
 libm.a(*)
 libgcc.a(*)

.ARM.attributes
                0x00000000       0x28
 *(.ARM.attributes)
 .ARM.attributes
                0x00000000       0x1e /opt/st/stm32cubeide_1.19.0/plugins/com.st.stm32cube.ide.mcu.externaltools.gnu-tools-for-stm32.13.3.rel1.linux64_1.0.0.202410170706/tools/bin/../lib/gcc/arm-none-eabi/13.3.1/thumb/v6-m/nofp/crti.o
 .ARM.attributes
                0x0000001e       0x2c /opt/st/stm32cubeide_1.19.0/plugins/com.st.stm32cube.ide.mcu.externaltools.gnu-tools-for-stm32.13.3.rel1.linux64_1.0.0.202410170706/tools/bin/../lib/gcc/arm-none-eabi/13.3.1/thumb/v6-m/nofp/crtbegin.o
 .ARM.attributes
                0x0000004a       0x2c ./Core/Src/main.o
 .ARM.attributes
                0x00000076       0x2c ./Core/Src/stm32u0xx_hal_msp.o
 .ARM.attributes
                0x000000a2       0x2c ./Core/Src/stm32u0xx_it.o
 .ARM.attributes
                0x000000ce       0x2c ./Core/Src/system_stm32u0xx.o
 .ARM.attributes
                0x000000fa       0x22 ./Core/Startup/startup_stm32u073mctx.o
 .ARM.attributes
                0x0000011c       0x2c ./Drivers/STM32U0xx_HAL_Driver/Src/stm32u0xx_hal.o
 .ARM.attributes
                0x00000148       0x2c ./Drivers/STM32U0xx_HAL_Driver/Src/stm32u0xx_hal_adc.o
 .ARM.attributes
                0x00000174       0x2c ./Drivers/STM32U0xx_HAL_Driver/Src/stm32u0xx_hal_cortex.o
 .ARM.attributes
                0x000001a0       0x2c ./Drivers/STM32U0xx_HAL_Driver/Src/stm32u0xx_hal_flash.o
 .ARM.attributes
                0x000001cc       0x2c ./Drivers/STM32U0xx_HAL_Driver/Src/stm32u0xx_hal_gpio.o
 .ARM.attributes
                0x000001f8       0x2c ./Drivers/STM32U0xx_HAL_Driver/Src/stm32u0xx_hal_i2c.o
 .ARM.attributes
                0x00000224       0x2c ./Drivers/STM32U0xx_HAL_Driver/Src/stm32u0xx_hal_i2c_ex.o
 .ARM.attributes
                0x00000250       0x2c ./Drivers/STM32U0xx_HAL_Driver/Src/stm32u0xx_hal_pwr_ex.o
 .ARM.attributes
                0x0000027c       0x2c ./Drivers/STM32U0xx_HAL_Driver/Src/stm32u0xx_hal_rcc.o
 .ARM.attributes
                0x000002a8       0x2c ./Drivers/STM32U0xx_HAL_Driver/Src/stm32u0xx_hal_rcc_ex.o
 .ARM.attributes
                0x000002d4       0x2c ./Drivers/STM32U0xx_HAL_Driver/Src/stm32u0xx_hal_uart.o
 .ARM.attributes
                0x00000300       0x2c ./Drivers/STM32U0xx_HAL_Driver/Src/stm32u0xx_hal_uart_ex.o
 .ARM.attributes
                0x0000032c       0x2c /opt/st/stm32cubeide_1.19.0/plugins/com.st.stm32cube.ide.mcu.externaltools.gnu-tools-for-stm32.13.3.rel1.linux64_1.0.0.202410170706/tools/bin/../lib/gcc/arm-none-eabi/13.3.1/../../../../arm-none-eabi/lib/thumb/v6-m/nofp/libc_nano.a(libc_a-memset.o)
 .ARM.attributes
                0x00000358       0x2c /opt/st/stm32cubeide_1.19.0/plugins/com.st.stm32cube.ide.mcu.externaltools.gnu-tools-for-stm32.13.3.rel1.linux64_1.0.0.202410170706/tools/bin/../lib/gcc/arm-none-eabi/13.3.1/../../../../arm-none-eabi/lib/thumb/v6-m/nofp/libc_nano.a(libc_a-init.o)
 .ARM.attributes
                0x00000384       0x1e /opt/st/stm32cubeide_1.19.0/plugins/com.st.stm32cube.ide.mcu.externaltools.gnu-tools-for-stm32.13.3.rel1.linux64_1.0.0.202410170706/tools/bin/../lib/gcc/arm-none-eabi/13.3.1/thumb/v6-m/nofp/libgcc.a(_udivsi3.o)
 .ARM.attributes
                0x000003a2       0x1e /opt/st/stm32cubeide_1.19.0/plugins/com.st.stm32cube.ide.mcu.externaltools.gnu-tools-for-stm32.13.3.rel1.linux64_1.0.0.202410170706/tools/bin/../lib/gcc/arm-none-eabi/13.3.1/thumb/v6-m/nofp/libgcc.a(_divsi3.o)
 .ARM.attributes
                0x000003c0       0x1e /opt/st/stm32cubeide_1.19.0/plugins/com.st.stm32cube.ide.mcu.externaltools.gnu-tools-for-stm32.13.3.rel1.linux64_1.0.0.202410170706/tools/bin/../lib/gcc/arm-none-eabi/13.3.1/thumb/v6-m/nofp/libgcc.a(_dvmd_tls.o)
 .ARM.attributes
                0x000003de       0x1e /opt/st/stm32cubeide_1.19.0/plugins/com.st.stm32cube.ide.mcu.externaltools.gnu-tools-for-stm32.13.3.rel1.linux64_1.0.0.202410170706/tools/bin/../lib/gcc/arm-none-eabi/13.3.1/thumb/v6-m/nofp/libgcc.a(_clzsi2.o)
 .ARM.attributes
                0x000003fc       0x1e /opt/st/stm32cubeide_1.19.0/plugins/com.st.stm32cube.ide.mcu.externaltools.gnu-tools-for-stm32.13.3.rel1.linux64_1.0.0.202410170706/tools/bin/../lib/gcc/arm-none-eabi/13.3.1/thumb/v6-m/nofp/libgcc.a(_aeabi_uldivmod.o)
 .ARM.attributes
                0x0000041a       0x2c /opt/st/stm32cubeide_1.19.0/plugins/com.st.stm32cube.ide.mcu.externaltools.gnu-tools-for-stm32.13.3.rel1.linux64_1.0.0.202410170706/tools/bin/../lib/gcc/arm-none-eabi/13.3.1/thumb/v6-m/nofp/libgcc.a(_udivmoddi4.o)
 .ARM.attributes
                0x00000446       0x1e /opt/st/stm32cubeide_1.19.0/plugins/com.st.stm32cube.ide.mcu.externaltools.gnu-tools-for-stm32.13.3.rel1.linux64_1.0.0.202410170706/tools/bin/../lib/gcc/arm-none-eabi/13.3.1/thumb/v6-m/nofp/libgcc.a(_clzdi2.o)
 .ARM.attributes
                0x00000464       0x1e /opt/st/stm32cubeide_1.19.0/plugins/com.st.stm32cube.ide.mcu.externaltools.gnu-tools-for-stm32.13.3.rel1.linux64_1.0.0.202410170706/tools/bin/../lib/gcc/arm-none-eabi/13.3.1/thumb/v6-m/nofp/crtn.o
OUTPUT(minSupervisorS2.elf elf32-littlearm)
LOAD linker stubs
LOAD /opt/st/stm32cubeide_1.19.0/plugins/com.st.stm32cube.ide.mcu.externaltools.gnu-tools-for-stm32.13.3.rel1.linux64_1.0.0.202410170706/tools/bin/../lib/gcc/arm-none-eabi/13.3.1/../../../../arm-none-eabi/lib/thumb/v6-m/nofp/libc.a
LOAD /opt/st/stm32cubeide_1.19.0/plugins/com.st.stm32cube.ide.mcu.externaltools.gnu-tools-for-stm32.13.3.rel1.linux64_1.0.0.202410170706/tools/bin/../lib/gcc/arm-none-eabi/13.3.1/../../../../arm-none-eabi/lib/thumb/v6-m/nofp/libm.a
LOAD /opt/st/stm32cubeide_1.19.0/plugins/com.st.stm32cube.ide.mcu.externaltools.gnu-tools-for-stm32.13.3.rel1.linux64_1.0.0.202410170706/tools/bin/../lib/gcc/arm-none-eabi/13.3.1/thumb/v6-m/nofp/libgcc.a

.debug_info     0x00000000    0x11025
 .debug_info    0x00000000     0x1791 ./Core/Src/main.o
 .debug_info    0x00001791     0x156d ./Core/Src/stm32u0xx_hal_msp.o
 .debug_info    0x00002cfe      0x117 ./Core/Src/stm32u0xx_it.o
 .debug_info    0x00002e15      0x67a ./Core/Src/system_stm32u0xx.o
 .debug_info    0x0000348f       0x30 ./Core/Startup/startup_stm32u073mctx.o
 .debug_info    0x000034bf      0xaa9 ./Drivers/STM32U0xx_HAL_Driver/Src/stm32u0xx_hal.o
 .debug_info    0x00003f68     0x1735 ./Drivers/STM32U0xx_HAL_Driver/Src/stm32u0xx_hal_adc.o
 .debug_info    0x0000569d      0x8ef ./Drivers/STM32U0xx_HAL_Driver/Src/stm32u0xx_hal_cortex.o
 .debug_info    0x00005f8c      0x6d2 ./Drivers/STM32U0xx_HAL_Driver/Src/stm32u0xx_hal_flash.o
 .debug_info    0x0000665e      0x590 ./Drivers/STM32U0xx_HAL_Driver/Src/stm32u0xx_hal_gpio.o
 .debug_info    0x00006bee     0x21ef ./Drivers/STM32U0xx_HAL_Driver/Src/stm32u0xx_hal_i2c.o
 .debug_info    0x00008ddd      0x819 ./Drivers/STM32U0xx_HAL_Driver/Src/stm32u0xx_hal_i2c_ex.o
 .debug_info    0x000095f6      0x855 ./Drivers/STM32U0xx_HAL_Driver/Src/stm32u0xx_hal_pwr_ex.o
 .debug_info    0x00009e4b      0xc37 ./Drivers/STM32U0xx_HAL_Driver/Src/stm32u0xx_hal_rcc.o
 .debug_info    0x0000aa82      0xe98 ./Drivers/STM32U0xx_HAL_Driver/Src/stm32u0xx_hal_rcc_ex.o
 .debug_info    0x0000b91a     0x472b ./Drivers/STM32U0xx_HAL_Driver/Src/stm32u0xx_hal_uart.o
 .debug_info    0x00010045      0xfe0 ./Drivers/STM32U0xx_HAL_Driver/Src/stm32u0xx_hal_uart_ex.o

.debug_abbrev   0x00000000     0x261c
 .debug_abbrev  0x00000000      0x304 ./Core/Src/main.o
 .debug_abbrev  0x00000304      0x21b ./Core/Src/stm32u0xx_hal_msp.o
 .debug_abbrev  0x0000051f       0xac ./Core/Src/stm32u0xx_it.o
 .debug_abbrev  0x000005cb      0x117 ./Core/Src/system_stm32u0xx.o
 .debug_abbrev  0x000006e2       0x24 ./Core/Startup/startup_stm32u073mctx.o
 .debug_abbrev  0x00000706      0x2d0 ./Drivers/STM32U0xx_HAL_Driver/Src/stm32u0xx_hal.o
 .debug_abbrev  0x000009d6      0x305 ./Drivers/STM32U0xx_HAL_Driver/Src/stm32u0xx_hal_adc.o
 .debug_abbrev  0x00000cdb      0x2ab ./Drivers/STM32U0xx_HAL_Driver/Src/stm32u0xx_hal_cortex.o
 .debug_abbrev  0x00000f86      0x2f8 ./Drivers/STM32U0xx_HAL_Driver/Src/stm32u0xx_hal_flash.o
 .debug_abbrev  0x0000127e      0x1c8 ./Drivers/STM32U0xx_HAL_Driver/Src/stm32u0xx_hal_gpio.o
 .debug_abbrev  0x00001446      0x294 ./Drivers/STM32U0xx_HAL_Driver/Src/stm32u0xx_hal_i2c.o
 .debug_abbrev  0x000016da      0x1c0 ./Drivers/STM32U0xx_HAL_Driver/Src/stm32u0xx_hal_i2c_ex.o
 .debug_abbrev  0x0000189a      0x212 ./Drivers/STM32U0xx_HAL_Driver/Src/stm32u0xx_hal_pwr_ex.o
 .debug_abbrev  0x00001aac      0x2d8 ./Drivers/STM32U0xx_HAL_Driver/Src/stm32u0xx_hal_rcc.o
 .debug_abbrev  0x00001d84      0x28d ./Drivers/STM32U0xx_HAL_Driver/Src/stm32u0xx_hal_rcc_ex.o
 .debug_abbrev  0x00002011      0x324 ./Drivers/STM32U0xx_HAL_Driver/Src/stm32u0xx_hal_uart.o
 .debug_abbrev  0x00002335      0x2e7 ./Drivers/STM32U0xx_HAL_Driver/Src/stm32u0xx_hal_uart_ex.o

.debug_aranges  0x00000000      0xf28
 .debug_aranges
                0x00000000       0xa8 ./Core/Src/main.o
 .debug_aranges
                0x000000a8       0x50 ./Core/Src/stm32u0xx_hal_msp.o
 .debug_aranges
                0x000000f8       0x40 ./Core/Src/stm32u0xx_it.o
 .debug_aranges
                0x00000138       0x28 ./Core/Src/system_stm32u0xx.o
 .debug_aranges
                0x00000160       0x28 ./Core/Startup/startup_stm32u073mctx.o
 .debug_aranges
                0x00000188      0x158 ./Drivers/STM32U0xx_HAL_Driver/Src/stm32u0xx_hal.o
 .debug_aranges
                0x000002e0      0x200 ./Drivers/STM32U0xx_HAL_Driver/Src/stm32u0xx_hal_adc.o
 .debug_aranges
                0x000004e0       0xe8 ./Drivers/STM32U0xx_HAL_Driver/Src/stm32u0xx_hal_cortex.o
 .debug_aranges
                0x000005c8       0x88 ./Drivers/STM32U0xx_HAL_Driver/Src/stm32u0xx_hal_flash.o
 .debug_aranges
                0x00000650       0x60 ./Drivers/STM32U0xx_HAL_Driver/Src/stm32u0xx_hal_gpio.o
 .debug_aranges
                0x000006b0      0x2a0 ./Drivers/STM32U0xx_HAL_Driver/Src/stm32u0xx_hal_i2c.o
 .debug_aranges
                0x00000950       0x40 ./Drivers/STM32U0xx_HAL_Driver/Src/stm32u0xx_hal_i2c_ex.o
 .debug_aranges
                0x00000990      0x130 ./Drivers/STM32U0xx_HAL_Driver/Src/stm32u0xx_hal_pwr_ex.o
 .debug_aranges
                0x00000ac0       0x88 ./Drivers/STM32U0xx_HAL_Driver/Src/stm32u0xx_hal_rcc.o
 .debug_aranges
                0x00000b48       0xf0 ./Drivers/STM32U0xx_HAL_Driver/Src/stm32u0xx_hal_rcc_ex.o
 .debug_aranges
                0x00000c38      0x248 ./Drivers/STM32U0xx_HAL_Driver/Src/stm32u0xx_hal_uart.o
 .debug_aranges
                0x00000e80       0xa8 ./Drivers/STM32U0xx_HAL_Driver/Src/stm32u0xx_hal_uart_ex.o

.debug_rnglists
                0x00000000      0xbd7
 .debug_rnglists
                0x00000000       0x82 ./Core/Src/main.o
 .debug_rnglists
                0x00000082       0x3b ./Core/Src/stm32u0xx_hal_msp.o
 .debug_rnglists
                0x000000bd       0x2b ./Core/Src/stm32u0xx_it.o
 .debug_rnglists
                0x000000e8       0x1a ./Core/Src/system_stm32u0xx.o
 .debug_rnglists
                0x00000102       0x19 ./Core/Startup/startup_stm32u073mctx.o
 .debug_rnglists
                0x0000011b       0xfe ./Drivers/STM32U0xx_HAL_Driver/Src/stm32u0xx_hal.o
 .debug_rnglists
                0x00000219      0x18b ./Drivers/STM32U0xx_HAL_Driver/Src/stm32u0xx_hal_adc.o
 .debug_rnglists
                0x000003a4       0xaa ./Drivers/STM32U0xx_HAL_Driver/Src/stm32u0xx_hal_cortex.o
 .debug_rnglists
                0x0000044e       0x66 ./Drivers/STM32U0xx_HAL_Driver/Src/stm32u0xx_hal_flash.o
 .debug_rnglists
                0x000004b4       0x45 ./Drivers/STM32U0xx_HAL_Driver/Src/stm32u0xx_hal_gpio.o
 .debug_rnglists
                0x000004f9      0x229 ./Drivers/STM32U0xx_HAL_Driver/Src/stm32u0xx_hal_i2c.o
 .debug_rnglists
                0x00000722       0x30 ./Drivers/STM32U0xx_HAL_Driver/Src/stm32u0xx_hal_i2c_ex.o
 .debug_rnglists
                0x00000752       0xe6 ./Drivers/STM32U0xx_HAL_Driver/Src/stm32u0xx_hal_pwr_ex.o
 .debug_rnglists
                0x00000838       0x68 ./Drivers/STM32U0xx_HAL_Driver/Src/stm32u0xx_hal_rcc.o
 .debug_rnglists
                0x000008a0       0xba ./Drivers/STM32U0xx_HAL_Driver/Src/stm32u0xx_hal_rcc_ex.o
 .debug_rnglists
                0x0000095a      0x1fd ./Drivers/STM32U0xx_HAL_Driver/Src/stm32u0xx_hal_uart.o
 .debug_rnglists
                0x00000b57       0x80 ./Drivers/STM32U0xx_HAL_Driver/Src/stm32u0xx_hal_uart_ex.o

.debug_macro    0x00000000    0x1bb6d
 .debug_macro   0x00000000      0x21e ./Core/Src/main.o
 .debug_macro   0x0000021e      0xaae ./Core/Src/main.o
 .debug_macro   0x00000ccc      0x11e ./Core/Src/main.o
 .debug_macro   0x00000dea       0x2e ./Core/Src/main.o
 .debug_macro   0x00000e18       0x28 ./Core/Src/main.o
 .debug_macro   0x00000e40       0x22 ./Core/Src/main.o
 .debug_macro   0x00000e62       0x8e ./Core/Src/main.o
 .debug_macro   0x00000ef0       0x51 ./Core/Src/main.o
 .debug_macro   0x00000f41      0x103 ./Core/Src/main.o
 .debug_macro   0x00001044       0x6a ./Core/Src/main.o
 .debug_macro   0x000010ae      0x1df ./Core/Src/main.o
 .debug_macro   0x0000128d       0x1c ./Core/Src/main.o
 .debug_macro   0x000012a9       0x22 ./Core/Src/main.o
 .debug_macro   0x000012cb       0xd1 ./Core/Src/main.o
 .debug_macro   0x0000139c      0x4da ./Core/Src/main.o
 .debug_macro   0x00001876      0x11f ./Core/Src/main.o
 .debug_macro   0x00001995     0xf398 ./Core/Src/main.o
 .debug_macro   0x00010d2d       0x6c ./Core/Src/main.o
 .debug_macro   0x00010d99     0x3463 ./Core/Src/main.o
 .debug_macro   0x000141fc      0x190 ./Core/Src/main.o
 .debug_macro   0x0001438c       0x5a ./Core/Src/main.o
 .debug_macro   0x000143e6     0x13a6 ./Core/Src/main.o
 .debug_macro   0x0001578c      0x55f ./Core/Src/main.o
 .debug_macro   0x00015ceb      0x1cf ./Core/Src/main.o
 .debug_macro   0x00015eba      0x177 ./Core/Src/main.o
 .debug_macro   0x00016031      0x4ec ./Core/Src/main.o
 .debug_macro   0x0001651d      0x280 ./Core/Src/main.o
 .debug_macro   0x0001679d      0x410 ./Core/Src/main.o
 .debug_macro   0x00016bad      0x1b2 ./Core/Src/main.o
 .debug_macro   0x00016d5f       0x43 ./Core/Src/main.o
 .debug_macro   0x00016da2      0x1f1 ./Core/Src/main.o
 .debug_macro   0x00016f93      0x8d7 ./Core/Src/main.o
 .debug_macro   0x0001786a      0x5de ./Core/Src/main.o
 .debug_macro   0x00017e48       0x2e ./Core/Src/main.o
 .debug_macro   0x00017e76      0x1e3 ./Core/Src/main.o
 .debug_macro   0x00018059      0x359 ./Core/Src/main.o
 .debug_macro   0x000183b2       0x2e ./Core/Src/main.o
 .debug_macro   0x000183e0       0xe4 ./Core/Src/main.o
 .debug_macro   0x000184c4      0x22c ./Core/Src/main.o
 .debug_macro   0x000186f0       0x36 ./Core/Src/main.o
 .debug_macro   0x00018726       0xa5 ./Core/Src/main.o
 .debug_macro   0x000187cb      0x128 ./Core/Src/main.o
 .debug_macro   0x000188f3      0x3c8 ./Core/Src/main.o
 .debug_macro   0x00018cbb      0x693 ./Core/Src/main.o
 .debug_macro   0x0001934e       0xa6 ./Core/Src/main.o
 .debug_macro   0x000193f4      0x589 ./Core/Src/main.o
 .debug_macro   0x0001997d      0x1c6 ./Core/Src/main.o
 .debug_macro   0x00019b43      0x212 ./Core/Src/stm32u0xx_hal_msp.o
 .debug_macro   0x00019d55      0x21c ./Core/Src/stm32u0xx_it.o
 .debug_macro   0x00019f71      0x20f ./Core/Src/system_stm32u0xx.o
 .debug_macro   0x0001a180      0x227 ./Drivers/STM32U0xx_HAL_Driver/Src/stm32u0xx_hal.o
 .debug_macro   0x0001a3a7      0x227 ./Drivers/STM32U0xx_HAL_Driver/Src/stm32u0xx_hal_adc.o
 .debug_macro   0x0001a5ce      0x203 ./Drivers/STM32U0xx_HAL_Driver/Src/stm32u0xx_hal_cortex.o
 .debug_macro   0x0001a7d1      0x203 ./Drivers/STM32U0xx_HAL_Driver/Src/stm32u0xx_hal_flash.o
 .debug_macro   0x0001a9d4      0x209 ./Drivers/STM32U0xx_HAL_Driver/Src/stm32u0xx_hal_gpio.o
 .debug_macro   0x0001abdd      0x2cf ./Drivers/STM32U0xx_HAL_Driver/Src/stm32u0xx_hal_i2c.o
 .debug_macro   0x0001aeac      0x203 ./Drivers/STM32U0xx_HAL_Driver/Src/stm32u0xx_hal_i2c_ex.o
 .debug_macro   0x0001b0af      0x233 ./Drivers/STM32U0xx_HAL_Driver/Src/stm32u0xx_hal_pwr_ex.o
 .debug_macro   0x0001b2e2      0x239 ./Drivers/STM32U0xx_HAL_Driver/Src/stm32u0xx_hal_rcc.o
 .debug_macro   0x0001b51b      0x215 ./Drivers/STM32U0xx_HAL_Driver/Src/stm32u0xx_hal_rcc_ex.o
 .debug_macro   0x0001b730      0x22e ./Drivers/STM32U0xx_HAL_Driver/Src/stm32u0xx_hal_uart.o
 .debug_macro   0x0001b95e      0x20f ./Drivers/STM32U0xx_HAL_Driver/Src/stm32u0xx_hal_uart_ex.o

.debug_line     0x00000000    0x11ad0
 .debug_line    0x00000000      0xb84 ./Core/Src/main.o
 .debug_line    0x00000b84      0x91d ./Core/Src/stm32u0xx_hal_msp.o
 .debug_line    0x000014a1      0x75c ./Core/Src/stm32u0xx_it.o
 .debug_line    0x00001bfd      0x7da ./Core/Src/system_stm32u0xx.o
 .debug_line    0x000023d7       0x7b ./Core/Startup/startup_stm32u073mctx.o
 .debug_line    0x00002452      0xb6e ./Drivers/STM32U0xx_HAL_Driver/Src/stm32u0xx_hal.o
 .debug_line    0x00002fc0     0x17f1 ./Drivers/STM32U0xx_HAL_Driver/Src/stm32u0xx_hal_adc.o
 .debug_line    0x000047b1      0xb51 ./Drivers/STM32U0xx_HAL_Driver/Src/stm32u0xx_hal_cortex.o
 .debug_line    0x00005302      0xa3e ./Drivers/STM32U0xx_HAL_Driver/Src/stm32u0xx_hal_flash.o
 .debug_line    0x00005d40      0xb2f ./Drivers/STM32U0xx_HAL_Driver/Src/stm32u0xx_hal_gpio.o
 .debug_line    0x0000686f     0x35c7 ./Drivers/STM32U0xx_HAL_Driver/Src/stm32u0xx_hal_i2c.o
 .debug_line    0x00009e36      0x88c ./Drivers/STM32U0xx_HAL_Driver/Src/stm32u0xx_hal_i2c_ex.o
 .debug_line    0x0000a6c2      0xc51 ./Drivers/STM32U0xx_HAL_Driver/Src/stm32u0xx_hal_pwr_ex.o
 .debug_line    0x0000b313     0x1066 ./Drivers/STM32U0xx_HAL_Driver/Src/stm32u0xx_hal_rcc.o
 .debug_line    0x0000c379     0x136b ./Drivers/STM32U0xx_HAL_Driver/Src/stm32u0xx_hal_rcc_ex.o
 .debug_line    0x0000d6e4     0x370d ./Drivers/STM32U0xx_HAL_Driver/Src/stm32u0xx_hal_uart.o
 .debug_line    0x00010df1      0xcdf ./Drivers/STM32U0xx_HAL_Driver/Src/stm32u0xx_hal_uart_ex.o

.debug_str      0x00000000    0xb4598
 .debug_str     0x00000000    0xb4598 ./Core/Src/main.o
                              0xb072a (size before relaxing)
 .debug_str     0x000b4598    0xb04ef ./Core/Src/stm32u0xx_hal_msp.o
 .debug_str     0x000b4598    0xaf73c ./Core/Src/stm32u0xx_it.o
 .debug_str     0x000b4598    0xaf170 ./Core/Src/system_stm32u0xx.o
 .debug_str     0x000b4598       0x83 ./Core/Startup/startup_stm32u073mctx.o
 .debug_str     0x000b4598    0xaf922 ./Drivers/STM32U0xx_HAL_Driver/Src/stm32u0xx_hal.o
 .debug_str     0x000b4598    0xafe1f ./Drivers/STM32U0xx_HAL_Driver/Src/stm32u0xx_hal_adc.o
 .debug_str     0x000b4598    0xaf50b ./Drivers/STM32U0xx_HAL_Driver/Src/stm32u0xx_hal_cortex.o
 .debug_str     0x000b4598    0xaf27b ./Drivers/STM32U0xx_HAL_Driver/Src/stm32u0xx_hal_flash.o
 .debug_str     0x000b4598    0xaf126 ./Drivers/STM32U0xx_HAL_Driver/Src/stm32u0xx_hal_gpio.o
 .debug_str     0x000b4598    0xb03d7 ./Drivers/STM32U0xx_HAL_Driver/Src/stm32u0xx_hal_i2c.o
 .debug_str     0x000b4598    0xaf54e ./Drivers/STM32U0xx_HAL_Driver/Src/stm32u0xx_hal_i2c_ex.o
 .debug_str     0x000b4598    0xaf58b ./Drivers/STM32U0xx_HAL_Driver/Src/stm32u0xx_hal_pwr_ex.o
 .debug_str     0x000b4598    0xaf841 ./Drivers/STM32U0xx_HAL_Driver/Src/stm32u0xx_hal_rcc.o
 .debug_str     0x000b4598    0xaf8f3 ./Drivers/STM32U0xx_HAL_Driver/Src/stm32u0xx_hal_rcc_ex.o
 .debug_str     0x000b4598    0xafe81 ./Drivers/STM32U0xx_HAL_Driver/Src/stm32u0xx_hal_uart.o
 .debug_str     0x000b4598    0xaf89b ./Drivers/STM32U0xx_HAL_Driver/Src/stm32u0xx_hal_uart_ex.o

.comment        0x00000000       0x43
 .comment       0x00000000       0x43 ./Core/Src/main.o
                                 0x44 (size before relaxing)
 .comment       0x00000043       0x44 ./Core/Src/stm32u0xx_hal_msp.o
 .comment       0x00000043       0x44 ./Core/Src/stm32u0xx_it.o
 .comment       0x00000043       0x44 ./Core/Src/system_stm32u0xx.o
 .comment       0x00000043       0x44 ./Drivers/STM32U0xx_HAL_Driver/Src/stm32u0xx_hal.o
 .comment       0x00000043       0x44 ./Drivers/STM32U0xx_HAL_Driver/Src/stm32u0xx_hal_adc.o
 .comment       0x00000043       0x44 ./Drivers/STM32U0xx_HAL_Driver/Src/stm32u0xx_hal_cortex.o
 .comment       0x00000043       0x44 ./Drivers/STM32U0xx_HAL_Driver/Src/stm32u0xx_hal_flash.o
 .comment       0x00000043       0x44 ./Drivers/STM32U0xx_HAL_Driver/Src/stm32u0xx_hal_gpio.o
 .comment       0x00000043       0x44 ./Drivers/STM32U0xx_HAL_Driver/Src/stm32u0xx_hal_i2c.o
 .comment       0x00000043       0x44 ./Drivers/STM32U0xx_HAL_Driver/Src/stm32u0xx_hal_i2c_ex.o
 .comment       0x00000043       0x44 ./Drivers/STM32U0xx_HAL_Driver/Src/stm32u0xx_hal_pwr_ex.o
 .comment       0x00000043       0x44 ./Drivers/STM32U0xx_HAL_Driver/Src/stm32u0xx_hal_rcc.o
 .comment       0x00000043       0x44 ./Drivers/STM32U0xx_HAL_Driver/Src/stm32u0xx_hal_rcc_ex.o
 .comment       0x00000043       0x44 ./Drivers/STM32U0xx_HAL_Driver/Src/stm32u0xx_hal_uart.o
 .comment       0x00000043       0x44 ./Drivers/STM32U0xx_HAL_Driver/Src/stm32u0xx_hal_uart_ex.o

.debug_frame    0x00000000     0x36e0
 .debug_frame   0x00000000      0x21c ./Core/Src/main.o
 .debug_frame   0x0000021c       0xf0 ./Core/Src/stm32u0xx_hal_msp.o
 .debug_frame   0x0000030c       0x9c ./Core/Src/stm32u0xx_it.o
 .debug_frame   0x000003a8       0x50 ./Core/Src/system_stm32u0xx.o
 .debug_frame   0x000003f8      0x4a8 ./Drivers/STM32U0xx_HAL_Driver/Src/stm32u0xx_hal.o
 .debug_frame   0x000008a0      0x7cc ./Drivers/STM32U0xx_HAL_Driver/Src/stm32u0xx_hal_adc.o
 .debug_frame   0x0000106c      0x33c ./Drivers/STM32U0xx_HAL_Driver/Src/stm32u0xx_hal_cortex.o
 .debug_frame   0x000013a8      0x1d4 ./Drivers/STM32U0xx_HAL_Driver/Src/stm32u0xx_hal_flash.o
 .debug_frame   0x0000157c      0x130 ./Drivers/STM32U0xx_HAL_Driver/Src/stm32u0xx_hal_gpio.o
 .debug_frame   0x000016ac      0xa68 ./Drivers/STM32U0xx_HAL_Driver/Src/stm32u0xx_hal_i2c.o
 .debug_frame   0x00002114       0xb0 ./Drivers/STM32U0xx_HAL_Driver/Src/stm32u0xx_hal_i2c_ex.o
 .debug_frame   0x000021c4      0x414 ./Drivers/STM32U0xx_HAL_Driver/Src/stm32u0xx_hal_pwr_ex.o
 .debug_frame   0x000025d8      0x1c4 ./Drivers/STM32U0xx_HAL_Driver/Src/stm32u0xx_hal_rcc.o
 .debug_frame   0x0000279c      0x34c ./Drivers/STM32U0xx_HAL_Driver/Src/stm32u0xx_hal_rcc_ex.o
 .debug_frame   0x00002ae8      0x8d8 ./Drivers/STM32U0xx_HAL_Driver/Src/stm32u0xx_hal_uart.o
 .debug_frame   0x000033c0      0x258 ./Drivers/STM32U0xx_HAL_Driver/Src/stm32u0xx_hal_uart_ex.o
 .debug_frame   0x00003618       0x20 /opt/st/stm32cubeide_1.19.0/plugins/com.st.stm32cube.ide.mcu.externaltools.gnu-tools-for-stm32.13.3.rel1.linux64_1.0.0.202410170706/tools/bin/../lib/gcc/arm-none-eabi/13.3.1/../../../../arm-none-eabi/lib/thumb/v6-m/nofp/libc_nano.a(libc_a-memset.o)
 .debug_frame   0x00003638       0x2c /opt/st/stm32cubeide_1.19.0/plugins/com.st.stm32cube.ide.mcu.externaltools.gnu-tools-for-stm32.13.3.rel1.linux64_1.0.0.202410170706/tools/bin/../lib/gcc/arm-none-eabi/13.3.1/../../../../arm-none-eabi/lib/thumb/v6-m/nofp/libc_nano.a(libc_a-init.o)
 .debug_frame   0x00003664       0x20 /opt/st/stm32cubeide_1.19.0/plugins/com.st.stm32cube.ide.mcu.externaltools.gnu-tools-for-stm32.13.3.rel1.linux64_1.0.0.202410170706/tools/bin/../lib/gcc/arm-none-eabi/13.3.1/thumb/v6-m/nofp/libgcc.a(_udivsi3.o)
 .debug_frame   0x00003684       0x20 /opt/st/stm32cubeide_1.19.0/plugins/com.st.stm32cube.ide.mcu.externaltools.gnu-tools-for-stm32.13.3.rel1.linux64_1.0.0.202410170706/tools/bin/../lib/gcc/arm-none-eabi/13.3.1/thumb/v6-m/nofp/libgcc.a(_divsi3.o)
 .debug_frame   0x000036a4       0x3c /opt/st/stm32cubeide_1.19.0/plugins/com.st.stm32cube.ide.mcu.externaltools.gnu-tools-for-stm32.13.3.rel1.linux64_1.0.0.202410170706/tools/bin/../lib/gcc/arm-none-eabi/13.3.1/thumb/v6-m/nofp/libgcc.a(_udivmoddi4.o)

.debug_line_str
                0x00000000       0x67
 .debug_line_str
                0x00000000       0x67 ./Core/Startup/startup_stm32u073mctx.o
