../Core/Src/main.c:79:6:powerUpSequence	8
../Core/Src/main.c:164:6:powerDownSequence	1
../Core/Src/main.c:179:15:checkPowerGood	1
../Core/Src/main.c:197:6:RCW	2
../Core/Src/main.c:227:6:MCU_RST	2
../Core/Src/main.c:244:6:enableClocks	1
../Core/Src/main.c:256:5:main	2
../Core/Src/main.c:328:6:SystemClock_Config	3
../Core/Src/main.c:368:13:MX_ADC1_Init	4
../Core/Src/main.c:436:13:MX_FLASH_Init	3
../Core/Src/main.c:465:13:MX_I2C1_Init	4
../Core/Src/main.c:513:13:MX_I2C2_Init	4
../Core/Src/main.c:561:13:MX_I2C3_Init	4
../Core/Src/main.c:609:13:MX_I2C4_Init	4
../Core/Src/main.c:657:13:MX_LPUART1_UART_Init	5
../Core/Src/main.c:704:13:MX_LPUART2_UART_Init	5
../Core/Src/main.c:751:13:MX_GPIO_Init	1
../Core/Src/main.c:878:6:Error_Handler	1
