../Core/Src/main.c:77:6:powerUpSequence	8	static
../Core/Src/main.c:82:6:powerDownSequence	8	static
../Core/Src/main.c:87:5:checkPowerGood	8	static
../Core/Src/main.c:92:6:RCW	16	static
../Core/Src/main.c:96:6:MCU_RST	16	static
../Core/Src/main.c:106:5:main	8	static
../Core/Src/main.c:158:6:SystemClock_Config	112	static
../Core/Src/main.c:198:13:MX_ADC1_Init	24	static
../Core/Src/main.c:257:13:MX_FLASH_Init	8	static
../Core/Src/main.c:286:13:MX_I2C1_Init	8	static
../Core/Src/main.c:334:13:MX_I2C2_Init	8	static
../Core/Src/main.c:382:13:MX_I2C3_Init	8	static
../Core/Src/main.c:430:13:MX_I2C4_Init	8	static
../Core/Src/main.c:478:13:MX_LPUART1_UART_Init	8	static
../Core/Src/main.c:525:13:MX_LPUART2_UART_Init	8	static
../Core/Src/main.c:572:13:MX_GPIO_Init	56	static
../Core/Src/main.c:659:6:Error_Handler	8	static,ignoring_inline_asm
