../Core/Src/main.c:79:6:powerUpSequence	8	static
../Core/Src/main.c:85:6:powerDownSequence	8	static
../Core/Src/main.c:91:5:checkPowerGood	8	static
../Core/Src/main.c:97:6:RCW	16	static
../Core/Src/main.c:102:6:MCU_RST	16	static
../Core/Src/main.c:107:6:enableClocks	8	static
../Core/Src/main.c:118:5:main	8	static
../Core/Src/main.c:196:6:SystemClock_Config	112	static
../Core/Src/main.c:236:13:MX_ADC1_Init	24	static
../Core/Src/main.c:295:13:MX_FLASH_Init	8	static
../Core/Src/main.c:324:13:MX_I2C1_Init	8	static
../Core/Src/main.c:372:13:MX_I2C2_Init	8	static
../Core/Src/main.c:420:13:MX_I2C3_Init	8	static
../Core/Src/main.c:468:13:MX_I2C4_Init	8	static
../Core/Src/main.c:516:13:MX_LPUART1_UART_Init	8	static
../Core/Src/main.c:563:13:MX_LPUART2_UART_Init	8	static
../Core/Src/main.c:610:13:MX_GPIO_Init	56	static
../Core/Src/main.c:707:6:Error_Handler	8	static,ignoring_inline_asm
